Day 24: Electromagnetic Moat
The strength of the strongest bridge is 1868.
The strength of the longest bridge is 1841.
