Day 01: Inverse Captcha
Part 1: The solution to the capture is 1034.
Part 2: The solution to the new capture is 1356.
