Day 16: Permutation Promenade
Part 1: Program order after the dance: cknmidebghlajpfo
Part 2: Program order after a billion dances: cbolhmkgfpenidaj
