Day 14: Disk Defragmentation
The are 8140 used blocks.
The are 1182 regions.
