Day 11: Hex Ed
Fewest number of steps required are 707.
The furthest he got away from origin is 1490 steps.
