Day 04: High-Entropy Passphrases
There are 383 valid phrases.
There are 265 valid phrases under the new system policy.
