Day 25: The Halting Problem
The diagnostic checksum is 4287.
