Day 19: A Series of Tubes
The packet took 16064 steps and found trace UICRNSDOK.
