Day 17: Spinlock
The value after 2017 is: 1561
The value after 0 is: 33454823
