Day 02: Corruption Checksum
Part 1: The checksum for the spreadsheet is 48357.
Part 2: The sum of each row's result is 351.
