Day 15: Dueling Generators
There are 626 agreements.
There are 306 agreements.
