Day 22: Sporifica Virus
Part 1: There are 5246 bursts that cause a node to become infected.
Part 2: There are 2512059 bursts that cause a node to become infected.
