Day 08: I Heard You Like Registers
Part 1: The largest value in any register at the end is 4163.
Part 2: The largest value in any register at any given times is 5347.
