Day 05: A Maze of Twisty Trampolines, All Alike
Part 1: It takes 374269 steps to reach the exit.
Part 2: It takes 27720699 steps to reach the exit.
