Day 18: Duet
The value of the recovered frequency is 8600.
Program 1 result value 7239.
