Day 10: Knot Hash
The result of multiplying the first two numbers in the list is 4114.
The knot hash is 2F8C3D2100FDD57CEC130D928B0FD2DD.
