Day 20: Particle Swarm
Particle number 144 will stay closed to (0, 0, 0) in the long run.
There are 477 particles left.
