Day 03: Spiral Memory
Part 1: I requires 371 steps to carry the data from the square all the way to the access port.
Part 2: The first value written that is larger than the input is 369601.
