Day 12: Digital Plumber
There are 239 programs in the group thats contains program ID 0.
There are 215 groups in total.
