Day 21: Fractal Art
There are 155 active pixels after 5 iterations.
There are 2449665 active pixels after 18 iterations.
