Day 07: Recursive Circus
Part 1: The name of the bottom program is 'vtzay'.
Part 2: The weight of the one program with wrong weight needs to be 910.
