Day 13: Packet Scanners
Part 1: The severity of the whole trip is 1588.
Part 2: The fewest number of picoseconds need for delay is 3865118.
