Day 09: Stream Processing
Part 2: Garbage count: 7539
Part 1: The total score of all groups is 17537.
